\BOOKMARK [1][-]{section.1}{\376\377\225\356\230\230\221\315\145\260\133\232\116\111}{}% 1
\BOOKMARK [1][-]{section.2}{\376\377\150\070\137\303\122\044\145\255\116\016\170\024\172\166\120\107\213\276}{}% 2
\BOOKMARK [2][-]{subsection.2.1}{\376\377\120\107\213\276\116\000\377\032\117\341\140\157\147\000\117\030\166\370\117\115\117\030\116\216\116\272\135\345\000\040\000P\000S\000F\000\040\152\041\147\177}{section.2}% 3
\BOOKMARK [2][-]{subsection.2.2}{\376\377\120\107\213\276\116\214\377\032\225\177\215\335\171\273\227\000\211\201\117\030\123\026\147\000\135\356\215\335\171\273\200\014\116\015\146\057\136\163\127\107\215\335\171\273}{section.2}% 4
\BOOKMARK [2][-]{subsection.2.3}{\376\377\120\107\213\276\116\011\377\032\133\275\211\306\127\072\137\305\230\173\146\076\137\017\136\372\152\041\211\322\136\246\155\367\155\306}{section.2}% 5
\BOOKMARK [2][-]{subsection.2.4}{\376\377\120\107\213\276\126\333\377\032\147\000\176\310\140\047\200\375\227\000\211\201\162\151\164\006\166\356\150\007\116\016\133\146\116\140\166\356\150\007\200\124\124\010\117\030\123\026}{section.2}% 6
\BOOKMARK [1][-]{section.3}{\376\377\116\016\163\260\147\011\166\370\121\163\135\345\117\134\166\204\220\073\217\221\121\163\174\373}{}% 7
\BOOKMARK [2][-]{subsection.3.1}{\376\377\215\357\176\277\116\000\377\032\000P\000S\000F\000\040\135\345\172\013\000\040\000+\000\040\155\361\136\246\177\121\176\334}{section.3}% 8
\BOOKMARK [2][-]{subsection.3.2}{\376\377\215\357\176\277\116\214\377\032\215\205\210\150\227\142\000/\221\321\134\136\220\017\225\134\000\040\000+\000\040\210\253\122\250\155\361\136\246\141\037\167\345}{section.3}% 9
\BOOKMARK [2][-]{subsection.3.3}{\376\377\147\054\213\376\230\230\116\016\000\040\000P\000h\000a\000s\000e\000C\000a\000m\0003\000D\000\040\166\204\121\163\174\373}{section.3}% 10
\BOOKMARK [1][-]{section.4}{\376\377\116\072\116\300\116\110\116\015\200\375\123\352\117\030\123\026\000\040\000P\000S\000F}{}% 11
\BOOKMARK [2][-]{subsection.4.1}{\376\377\000P\000S\000F\000\040\176\247\000\040\000F\000i\000s\000h\000e\000r\000\040\116\016\145\164\126\376\000\040\000F\000i\000s\000h\000e\000r\000\040\166\204\121\163\174\373}{section.4}% 12
\BOOKMARK [1][-]{section.5}{\376\377\000F\000i\000s\000h\000e\000r\000\040\000I\000n\000f\000o\000r\000m\000a\000t\000i\000o\000n\000\040\116\016\000\040\000C\000R\000L\000B\000\040\166\204\162\151\164\006\141\017\116\111}{}% 13
\BOOKMARK [2][-]{subsection.5.1}{\376\377\123\005\124\053\154\312\147\176\126\152\130\360\166\204\137\142\137\017}{section.5}% 14
\BOOKMARK [2][-]{subsection.5.2}{\376\377\131\032\123\302\145\160\000\040\000C\000R\000L\000B}{section.5}% 15
\BOOKMARK [1][-]{section.6}{\376\377\133\275\211\306\127\072\147\141\116\366\116\013\166\204\000\040\000F\000i\000s\000h\000e\000r\000\040\000M\000a\000t\000r\000i\000x}{}% 16
\BOOKMARK [1][-]{section.7}{\376\377\116\316\000\040\000P\000S\000F\000\040\147\000\117\030\122\060\126\376\120\317\147\000\117\030}{}% 17
\BOOKMARK [2][-]{subsection.7.1}{\376\377\173\054\116\000\176\247\377\032\160\271\156\220\000/\134\100\220\350\000\040\000F\000i\000s\000h\000e\000r\000\040\166\356\150\007}{section.7}% 18
\BOOKMARK [2][-]{subsection.7.2}{\376\377\173\054\116\214\176\247\377\032\126\376\120\317\176\247\123\357\217\250\140\047\166\356\150\007}{section.7}% 19
\BOOKMARK [2][-]{subsection.7.3}{\376\377\173\054\116\011\176\247\377\032\116\373\122\241\176\247\172\357\122\060\172\357\166\356\150\007}{section.7}% 20
\BOOKMARK [1][-]{section.8}{\376\377\117\030\123\026\123\330\221\317\377\032\166\370\117\115\122\006\136\003\131\202\117\125\123\302\145\160\123\026}{}% 21
\BOOKMARK [2][-]{subsection.8.1}{\376\377\000Z\000e\000r\000n\000i\000k\000e\000\040\142\026\120\317\135\356\127\372}{section.8}% 22
\BOOKMARK [2][-]{subsection.8.2}{\376\377\000F\000o\000u\000r\000i\000e\000r\000\040\142\026\122\006\127\127\127\372}{section.8}% 23
\BOOKMARK [2][-]{subsection.8.3}{\376\377\131\032\220\032\220\123\131\015\165\050\166\370\117\115}{section.8}% 24
\BOOKMARK [2][-]{subsection.8.4}{\376\377\131\032\133\120\215\205\210\150\227\142\142\026\131\032\220\032\220\123\200\124\124\010\177\026\170\001}{section.8}% 25
\BOOKMARK [2][-]{subsection.8.5}{\376\377\122\240\121\145\122\066\220\040\176\246\147\137}{section.8}% 26
\BOOKMARK [1][-]{section.9}{\376\377\143\250\203\120\140\073\117\123\173\227\154\325}{}% 27
\BOOKMARK [1][-]{section.10}{\376\377\215\205\210\150\227\142\122\115\172\357\116\016\155\361\136\246\127\372\170\100\152\041\127\213\124\016\172\357}{}% 28
\BOOKMARK [2][-]{subsection.10.1}{\376\377\145\271\137\017\116\000\377\032\117\134\116\072\000\040\000t\000e\000a\000c\000h\000e\000r}{section.10}% 29
\BOOKMARK [2][-]{subsection.10.2}{\376\377\145\271\137\017\116\214\377\032\117\134\116\072\162\171\137\201\143\320\123\326\126\150}{section.10}% 30
\BOOKMARK [2][-]{subsection.10.3}{\376\377\145\271\137\017\116\011\377\032\117\134\116\072\000\040\000p\000r\000o\000m\000p\000t}{section.10}% 31
\BOOKMARK [2][-]{subsection.10.4}{\376\377\145\271\137\017\126\333\377\032\220\350\177\162\145\366\204\270\231\217\122\060\134\017\152\041\127\213}{section.10}% 32
\BOOKMARK [1][-]{section.11}{\376\377\131\047\123\343\137\204\116\016\131\047\211\306\127\072\166\204\121\163\174\373}{}% 33
\BOOKMARK [1][-]{section.12}{\376\377\226\144\116\206\000\040\000F\000i\000s\000h\000e\000r\000/\000C\000R\000L\000B\377\014\217\330\123\357\116\345\165\050\124\352\116\233\164\006\213\272}{}% 34
\BOOKMARK [2][-]{subsection.12.1}{\376\377\215\035\123\366\145\257\133\236\232\214\213\276\213\241}{section.12}% 35
\BOOKMARK [2][-]{subsection.12.2}{\376\377\116\222\117\341\140\157\147\000\131\047\123\026}{section.12}% 36
\BOOKMARK [2][-]{subsection.12.3}{\376\377\000D\000-\000o\000p\000t\000i\000m\000a\000l\060\001\000A\000-\000o\000p\000t\000i\000m\000a\000l\000\040\124\214\000\040\000E\000-\000o\000p\000t\000i\000m\000a\000l\000\040\213\276\213\241}{section.12}% 37
\BOOKMARK [2][-]{subsection.12.4}{\376\377\123\357\211\302\155\113\140\047\116\016\147\141\116\366\145\160}{section.12}% 38
\BOOKMARK [2][-]{subsection.12.5}{\376\377\123\213\177\051\141\037\167\345\116\016\000\040\000R\000I\000P\000\040\140\035\140\363}{section.12}% 39
\BOOKMARK [2][-]{subsection.12.6}{\376\377\147\000\127\117\140\305\121\265\234\201\150\322\117\030\123\026}{section.12}% 40
\BOOKMARK [1][-]{section.13}{\376\377\143\250\203\120\145\160\143\156\226\306}{}% 41
\BOOKMARK [1][-]{section.14}{\376\377\145\160\143\156\226\306\213\346\176\306\220\011\142\351\173\126\165\145}{}% 42
\BOOKMARK [2][-]{subsection.14.1}{\376\377\173\054\116\000\117\030\121\110\176\247\377\032\000T\000a\000r\000t\000a\000n\000A\000i\000r\000\040\000/\000\040\000T\000a\000r\000t\000a\000n\000A\000i\000r\000\040\000v\0002}{section.14}% 43
\BOOKMARK [2][-]{subsection.14.2}{\376\377\173\054\116\214\117\030\121\110\176\247\377\032\000D\000D\000A\000D}{section.14}% 44
\BOOKMARK [2][-]{subsection.14.3}{\376\377\173\054\116\011\117\030\121\110\176\247\377\032\000D\000I\000O\000D\000E}{section.14}% 45
\BOOKMARK [2][-]{subsection.14.4}{\376\377\173\054\126\333\117\030\121\110\176\247\377\032\000V\000i\000r\000t\000u\000a\000l\000\040\000K\000I\000T\000T\000I\000\040\0002}{section.14}% 46
\BOOKMARK [2][-]{subsection.14.5}{\376\377\147\000\176\310\167\037\133\236\213\304\117\060\377\032\000W\000a\000y\000m\000o\000\040\000/\000\040\000A\000r\000g\000o\000v\000e\000r\000s\000e\000\040\0002}{section.14}% 47
\BOOKMARK [1][-]{section.15}{\376\377\145\160\143\156\177\072\131\061\145\366\131\202\117\125\131\004\164\006}{}% 48
\BOOKMARK [1][-]{section.16}{\376\377\116\377\167\037\174\373\176\337\213\276\213\241}{}% 49
\BOOKMARK [2][-]{subsection.16.1}{\376\377\116\072\116\300\116\110\000\040\000R\000G\000B\000-\000D\000\040\000+\000\040\000P\000S\000F\000\040\123\167\171\357\217\321\117\074\146\057\124\010\164\006\166\204}{section.16}% 50
\BOOKMARK [2][-]{subsection.16.2}{\376\377\217\331\116\052\217\321\117\074\166\204\217\271\165\114}{section.16}% 51
\BOOKMARK [2][-]{subsection.16.3}{\376\377\116\016\123\302\200\003\145\207\163\056\116\055\166\204\116\377\167\037\145\160\143\156\116\000\201\364\140\047}{section.16}% 52
\BOOKMARK [1][-]{section.17}{\376\377\133\236\232\214\213\276\213\241}{}% 53
\BOOKMARK [1][-]{section.18}{\376\377\133\236\232\214\155\210\207\215\213\276\213\241}{}% 54
\BOOKMARK [2][-]{subsection.18.1}{\376\377\121\111\133\146\213\276\213\241\155\210\207\215}{section.18}% 55
\BOOKMARK [2][-]{subsection.18.2}{\376\377\211\306\127\072\155\210\207\215}{section.18}% 56
\BOOKMARK [2][-]{subsection.18.3}{\376\377\215\335\171\273\155\210\207\215}{section.18}% 57
\BOOKMARK [2][-]{subsection.18.4}{\376\377\124\016\172\357\152\041\127\213\155\210\207\215}{section.18}% 58
\BOOKMARK [1][-]{section.19}{\376\377\157\134\127\050\122\033\145\260\160\271}{}% 59
\BOOKMARK [1][-]{section.20}{\376\377\143\250\203\120\142\200\147\057\215\357\176\277}{}% 60
\BOOKMARK [1][-]{section.21}{\376\377\213\272\145\207\123\331\116\213\136\372\213\256}{}% 61
\BOOKMARK [1][-]{section.22}{\376\377\226\066\153\265\213\241\122\022}{}% 62
\BOOKMARK [1][-]{section.23}{\376\377\116\073\211\201\230\316\226\151\116\016\136\224\133\371}{}% 63
\BOOKMARK [2][-]{subsection.23.1}{\376\377\230\316\226\151\116\000\377\032\000F\000i\000s\000h\000e\000r\000\040\147\000\117\030\116\015\173\111\116\216\126\376\120\317\147\000\117\030}{section.23}% 64
\BOOKMARK [2][-]{subsection.23.2}{\376\377\230\316\226\151\116\214\377\032\201\352\161\066\121\111\133\275\214\061\133\374\201\364\177\026\170\001\220\000\123\026}{section.23}% 65
\BOOKMARK [2][-]{subsection.23.3}{\376\377\230\316\226\151\116\011\377\032\131\047\211\306\127\072\217\271\177\030\177\026\170\001\155\367\155\306\116\045\221\315}{section.23}% 66
\BOOKMARK [2][-]{subsection.23.4}{\376\377\230\316\226\151\126\333\377\032\166\370\117\115\116\015\123\357\122\066\220\040}{section.23}% 67
\BOOKMARK [2][-]{subsection.23.5}{\376\377\230\316\226\151\116\224\377\032\167\037\133\236\145\160\143\156\177\072\134\021\000\040\000d\000e\000n\000s\000e\000\040\000d\000e\000p\000t\000h}{section.23}% 68
\BOOKMARK [2][-]{subsection.23.6}{\376\377\230\316\226\151\121\155\377\032\201\352\161\066\121\111\133\275\214\061\117\032\121\262\155\341\155\361\136\246\177\026\170\001}{section.23}% 69
\BOOKMARK [2][-]{subsection.23.7}{\376\377\230\316\226\151\116\003\377\032\225\177\215\335\171\273\162\151\164\006\117\341\140\157\123\357\200\375\131\051\161\066\131\052\137\061}{section.23}% 70
\BOOKMARK [2][-]{subsection.23.8}{\376\377\230\316\226\151\121\153\377\032\131\047\211\306\211\322\124\214\131\047\123\343\137\204\123\357\200\375\116\222\166\370\121\262\172\201}{section.23}% 71
\BOOKMARK [2][-]{subsection.23.9}{\376\377\230\316\226\151\116\135\377\032\127\372\170\100\152\041\127\213\123\357\200\375\143\251\166\326\215\205\210\150\227\142\215\041\163\056}{section.23}% 72
\BOOKMARK [2][-]{subsection.23.10}{\376\377\230\316\226\151\123\101\377\032\116\377\167\037\122\060\167\037\133\236\217\301\171\373\123\357\200\375\131\061\215\045}{section.23}% 73
\BOOKMARK [2][-]{subsection.23.11}{\376\377\230\316\226\151\123\101\116\000\377\032\145\160\143\156\226\306\116\015\133\214\121\150\123\071\221\115\145\340\116\272\147\072\167\037\133\236\227\000\154\102}{section.23}% 74
\BOOKMARK [1][-]{section.24}{\376\377\176\323\213\272}{}% 75
