\BOOKMARK [1][-]{section.1}{\376\377\121\110\142\212\145\164\116\052\225\356\230\230\221\315\145\260\145\076\122\060\116\000\147\141\224\376\215\357\221\314}{}% 1
\BOOKMARK [1][-]{section.2}{\376\377\225\356\230\230\116\000\377\032\000R\000G\000B\000\040\126\376\124\214\155\361\136\246\126\376\131\202\117\125\217\321\117\074\217\333\121\145\215\205\210\150\227\142\166\204\121\111\127\072}{}% 2
\BOOKMARK [2][-]{subsection.2.1}{\376\377\167\037\133\236\162\151\164\006\217\307\172\013\146\057\116\300\116\110}{section.2}% 3
\BOOKMARK [2][-]{subsection.2.2}{\376\377\136\070\165\050\217\321\117\074\377\032\227\136\166\370\136\162\122\006\134\102\000\040\000P\000S\000F\000\040\156\062\147\323}{section.2}% 4
\BOOKMARK [2][-]{subsection.2.3}{\376\377\122\240\121\145\000\040\000C\000M\000O\000S\000\040\117\040\141\037\126\150}{section.2}% 5
\BOOKMARK [2][-]{subsection.2.4}{\376\377\217\331\116\052\217\321\117\074\121\306\124\027}{section.2}% 6
\BOOKMARK [2][-]{subsection.2.5}{\376\377\123\302\200\003\145\207\163\056\116\055\146\057\124\046\116\137\146\057\217\331\150\067\120\132}{section.2}% 7
\BOOKMARK [1][-]{section.3}{\376\377\225\356\230\230\116\214\377\032\116\015\124\014\155\361\136\246\124\214\211\322\136\246\166\204\000\040\000P\000S\000F\000\040\131\202\117\125\164\006\213\272\213\241\173\227}{}% 8
\BOOKMARK [2][-]{subsection.3.1}{\376\377\116\316\160\271\156\220\122\060\121\145\167\263\227\142\154\342\122\115}{section.3}% 9
\BOOKMARK [2][-]{subsection.3.2}{\376\377\215\205\210\150\227\142\220\017\134\004\121\375\145\160}{section.3}% 10
\BOOKMARK [2][-]{subsection.3.3}{\376\377\117\040\144\255\122\060\000\040\000C\000M\000O\000S\377\032\000F\000r\000e\000s\000n\000e\000l\000\040\117\040\144\255}{section.3}% 11
\BOOKMARK [2][-]{subsection.3.4}{\376\377\000F\000r\000a\000u\000n\000h\000o\000f\000e\000r\000\040\000/\000\040\000F\000o\000u\000r\000i\000e\000r\000\040\137\142\137\017}{section.3}% 12
\BOOKMARK [2][-]{subsection.3.5}{\376\377\167\342\221\317\215\205\210\150\227\142\137\142\137\017}{section.3}% 13
\BOOKMARK [2][-]{subsection.3.6}{\376\377\133\236\226\105\213\241\173\227\145\366\200\375\124\046\165\050\000\040\000R\000C\000W\000A}{section.3}% 14
\BOOKMARK [1][-]{section.4}{\376\377\225\356\230\230\116\011\377\032\000F\000i\000s\000h\000e\000r\000\040\146\057\116\300\116\110\377\014\116\072\116\300\116\110\116\015\200\375\123\352\133\371\000\040\000P\000S\000F\000\040\120\132\000\040\000F\000i\000s\000h\000e\000r}{}% 15
\BOOKMARK [2][-]{subsection.4.1}{\376\377\000F\000i\000s\000h\000e\000r\000\040\000i\000n\000f\000o\000r\000m\000a\000t\000i\000o\000n\000\040\166\204\133\232\116\111}{section.4}% 16
\BOOKMARK [2][-]{subsection.4.2}{\376\377\000P\000S\000F\000\040\176\247\000\040\000F\000i\000s\000h\000e\000r}{section.4}% 17
\BOOKMARK [2][-]{subsection.4.3}{\376\377\116\072\116\300\116\110\000\040\000P\000S\000F\000\040\176\247\000\040\000F\000i\000s\000h\000e\000r\000\040\116\015\131\037}{section.4}% 18
\BOOKMARK [2][-]{subsection.4.4}{\376\377\126\376\120\317\176\247\000\040\000F\000i\000s\000h\000e\000r\000\040\131\202\117\125\121\231}{section.4}% 19
\BOOKMARK [2][-]{subsection.4.5}{\376\377\166\370\121\163\135\345\117\134\146\057\124\046\135\362\147\011}{section.4}% 20
\BOOKMARK [1][-]{section.5}{\376\377\225\356\230\230\126\333\377\032\201\352\161\066\121\111\201\352\161\066\127\072\146\157\116\013\154\342\225\177\140\016\116\110\131\004\164\006}{}% 21
\BOOKMARK [2][-]{subsection.5.1}{\376\377\147\000\133\214\145\164\137\142\137\017}{section.5}% 22
\BOOKMARK [2][-]{subsection.5.2}{\376\377\116\011\171\315\123\357\142\147\210\114\215\357\176\277}{section.5}% 23
\BOOKMARK [2][-]{subsection.5.3}{\376\377\136\372\213\256\173\054\116\000\162\110\140\016\116\110\120\132}{section.5}% 24
\BOOKMARK [1][-]{section.6}{\376\377\225\356\230\230\116\224\377\032\145\164\116\052\135\345\117\134\147\054\215\050\116\012\155\211\123\312\124\352\116\233\121\111\117\040\144\255\145\160\120\074\164\006\213\272}{}% 25
\BOOKMARK [1][-]{section.7}{\376\377\225\356\230\230\121\155\377\032\215\205\210\150\227\142\131\202\117\125\213\276\213\241\377\014\123\343\137\204\060\001\124\150\147\037\060\001\134\072\133\370\124\214\123\357\122\066\220\040\140\047}{}% 26
\BOOKMARK [2][-]{subsection.7.1}{\376\377\123\343\137\204\121\263\133\232\225\177\215\335\171\273\117\341\140\157\116\012\226\120}{section.7}% 27
\BOOKMARK [2][-]{subsection.7.2}{\376\377\131\047\211\306\127\072\211\201\154\102\211\322\136\246\124\315\136\224\123\357\143\247}{section.7}% 28
\BOOKMARK [2][-]{subsection.7.3}{\376\377\124\150\147\037\124\214\221\307\150\067}{section.7}% 29
\BOOKMARK [2][-]{subsection.7.4}{\376\377\173\054\116\000\162\110\213\276\213\241\136\372\213\256}{section.7}% 30
\BOOKMARK [2][-]{subsection.7.5}{\376\377\134\017\215\205\210\150\227\142\146\057\124\046\131\051\165\037\145\340\154\325\143\245\123\327\131\047\211\306\127\072}{section.7}% 31
\BOOKMARK [1][-]{section.8}{\376\377\225\356\230\230\116\003\377\032\217\330\147\011\124\352\116\233\154\241\147\011\200\003\206\121\122\060\166\204\225\356\230\230}{}% 32
\BOOKMARK [2][-]{subsection.8.1}{\376\377\176\277\140\047\000\040\000R\000A\000W\000\040\116\016\146\156\220\032\000\040\000R\000G\000B\000\040\126\376\120\317}{section.8}% 33
\BOOKMARK [2][-]{subsection.8.2}{\376\377\146\157\155\361\060\001\133\371\161\046\124\214\136\163\227\142\117\115\177\156}{section.8}% 34
\BOOKMARK [2][-]{subsection.8.3}{\376\377\220\156\143\041\217\271\165\114}{section.8}% 35
\BOOKMARK [2][-]{subsection.8.4}{\376\377\122\250\140\001\203\003\126\364\124\214\146\335\121\111}{section.8}% 36
\BOOKMARK [2][-]{subsection.8.5}{\376\377\167\037\133\236\150\007\133\232\157\002\171\373}{section.8}% 37
\BOOKMARK [2][-]{subsection.8.6}{\376\377\213\304\116\367\166\356\150\007}{section.8}% 38
\BOOKMARK [1][-]{section.9}{\376\377\225\356\230\230\121\153\377\032\206\132\142\337\145\160\143\156\173\227\000\040\000F\000i\000s\000h\000e\000r\000\040\145\366\377\014\211\306\221\316\060\001\146\157\155\361\060\001\166\370\147\072\123\302\145\160\146\057\124\046\121\163\225\056}{}% 39
\BOOKMARK [2][-]{subsection.9.1}{\376\377\227\000\211\201\166\204\166\370\147\072\117\341\140\157}{section.9}% 40
\BOOKMARK [2][-]{subsection.9.2}{\376\377\116\072\116\300\116\110\137\305\230\173\156\005\155\027}{section.9}% 41
\BOOKMARK [2][-]{subsection.9.3}{\376\377\136\372\213\256\145\160\143\156\173\126\165\145}{section.9}% 42
\BOOKMARK [1][-]{section.10}{\376\377\225\356\230\230\116\135\377\032\164\006\140\363\133\236\232\214\124\214\163\260\133\236\133\236\232\214}{}% 43
\BOOKMARK [2][-]{subsection.10.1}{\376\377\164\006\140\363\133\236\232\214}{section.10}% 44
\BOOKMARK [2][-]{subsection.10.2}{\376\377\163\260\133\236\116\055\220\032\136\070\217\330\227\000\211\201\116\300\116\110}{section.10}% 45
\BOOKMARK [2][-]{subsection.10.3}{\376\377\146\057\124\046\165\050\157\300\121\111\000/\000L\000E\000D}{section.10}% 46
\BOOKMARK [1][-]{section.11}{\376\377\225\356\230\230\123\101\377\032\136\372\213\256\166\204\133\214\145\164\142\200\147\057\215\357\176\277}{}% 47
\BOOKMARK [2][-]{subsection.11.1}{\376\377\173\054\116\000\226\066\153\265\377\032\162\151\164\006\123\357\210\114\140\047}{section.11}% 48
\BOOKMARK [2][-]{subsection.11.2}{\376\377\173\054\116\214\226\066\153\265\377\032\000R\000G\000B\000-\000D\000\040\177\026\170\001\126\376\116\377\167\037}{section.11}% 49
\BOOKMARK [2][-]{subsection.11.3}{\376\377\173\054\116\011\226\066\153\265\377\032\116\045\150\074\155\210\207\215}{section.11}% 50
\BOOKMARK [2][-]{subsection.11.4}{\376\377\173\054\126\333\226\066\153\265\377\032\000m\000e\000t\000a\000s\000u\000r\000f\000a\000c\000e\000\040\176\246\147\137}{section.11}% 51
\BOOKMARK [2][-]{subsection.11.5}{\376\377\173\054\116\224\226\066\153\265\377\032\133\236\232\214\123\237\127\213}{section.11}% 52
\BOOKMARK [1][-]{section.12}{\376\377\147\000\150\070\137\303\166\204\176\323\213\272}{}% 53
