\BOOKMARK [1][-]{section.1}{\376\377\140\073\211\310}{}% 1
\BOOKMARK [1][-]{section.2}{\376\377\173\046\123\367\133\232\116\111}{}% 2
\BOOKMARK [1][-]{section.3}{\376\377\166\370\147\072\121\205\123\302\377\032\120\317\175\040\131\202\117\125\123\330\142\020\121\111\176\277\145\271\124\021}{}% 3
\BOOKMARK [2][-]{subsection.3.1}{\376\377\224\210\133\124\166\370\147\072\152\041\127\213}{section.3}% 4
\BOOKMARK [2][-]{subsection.3.2}{\376\377\155\361\136\246\126\376\131\202\117\125\123\330\142\020\116\011\176\364\160\271}{section.3}% 5
\BOOKMARK [1][-]{section.4}{\376\377\000R\000G\000B\000\040\126\376\120\317\131\202\117\125\217\321\117\074\116\072\215\205\210\150\227\142\122\115\166\204\121\145\134\004\137\072\136\246}{}% 6
\BOOKMARK [2][-]{subsection.4.1}{\376\377\000s\000R\000G\000B\000\040\122\060\176\277\140\047\121\111\137\072}{section.4}% 7
\BOOKMARK [2][-]{subsection.4.2}{\376\377\116\072\116\300\116\110\000\040\000R\000G\000B\000\040\116\015\200\375\125\057\116\000\140\142\131\015\217\336\176\355\121\111\214\061}{section.4}% 8
\BOOKMARK [2][-]{subsection.4.3}{\376\377\123\125\154\342\225\177\172\204\136\046\217\321\117\074}{section.4}% 9
\BOOKMARK [2][-]{subsection.4.4}{\376\377\000R\000G\000B\000\040\116\011\116\343\210\150\154\342\225\177\217\321\117\074}{section.4}% 10
\BOOKMARK [1][-]{section.5}{\376\377\116\000\116\052\160\271\156\220\176\317\217\307\215\205\210\150\227\142\137\142\142\020\000\040\000P\000S\000F\000\040\166\204\143\250\133\374}{}% 11
\BOOKMARK [2][-]{subsection.5.1}{\376\377\174\373\176\337\121\340\117\125}{section.5}% 12
\BOOKMARK [2][-]{subsection.5.2}{\376\377\160\271\156\220\122\060\217\276\215\205\210\150\227\142\166\204\121\145\134\004\127\072}{section.5}% 13
\BOOKMARK [2][-]{subsection.5.3}{\376\377\215\205\210\150\227\142\131\015\220\017\134\004}{section.5}% 14
\BOOKMARK [2][-]{subsection.5.4}{\376\377\116\316\215\205\210\150\227\142\117\040\144\255\122\060\000\040\000C\000M\000O\000S}{section.5}% 15
\BOOKMARK [2][-]{subsection.5.5}{\376\377\000P\000S\000F\000\040\133\232\116\111}{section.5}% 16
\BOOKMARK [2][-]{subsection.5.6}{\376\377\211\322\214\061\154\325\116\016\000\040\000F\000F\000T\000\040\213\241\173\227}{section.5}% 17
\BOOKMARK [1][-]{section.6}{\376\377\215\205\210\150\227\142\134\072\133\370\060\001\124\150\147\037\124\214\000\040\000C\000M\000O\000S\000\040\215\335\171\273\133\371\000\040\000P\000S\000F\000\040\166\204\137\161\124\315}{}% 18
\BOOKMARK [2][-]{subsection.6.1}{\376\377\123\343\137\204\121\263\133\232\225\177\215\335\171\273\155\361\136\246\145\117\141\037\140\047}{section.6}% 19
\BOOKMARK [2][-]{subsection.6.2}{\376\377\124\150\147\037\145\160\121\263\133\232\166\370\117\115\210\150\217\276\200\375\122\233}{section.6}% 20
\BOOKMARK [2][-]{subsection.6.3}{\376\377\215\205\210\150\227\142\122\060\000\040\000C\000M\000O\000S\000\040\215\335\171\273\146\057\174\373\176\337\123\330\221\317}{section.6}% 21
\BOOKMARK [1][-]{section.7}{\376\377\116\316\000\040\000R\000G\000B\000-\000D\000\040\122\060\000\040\000C\000M\000O\000S\000\040\145\164\126\376\124\315\136\224}{}% 22
\BOOKMARK [2][-]{subsection.7.1}{\376\377\153\317\116\052\120\317\175\040\117\134\116\072\116\000\116\052\134\017\160\271\156\220}{section.7}% 23
\BOOKMARK [2][-]{subsection.7.2}{\376\377\220\032\165\050\172\172\225\364\123\330\123\026\142\020\120\317\121\154\137\017}{section.7}% 24
\BOOKMARK [2][-]{subsection.7.3}{\376\377\134\100\220\350\136\163\171\373\116\015\123\330\217\321\117\074}{section.7}% 25
\BOOKMARK [2][-]{subsection.7.4}{\376\377\155\361\136\246\122\006\134\102\123\167\171\357\217\321\117\074}{section.7}% 26
\BOOKMARK [2][-]{subsection.7.5}{\376\377\000R\000G\000B\000\040\116\011\154\342\225\177\145\164\126\376\124\315\136\224}{section.7}% 27
\BOOKMARK [2][-]{subsection.7.6}{\376\377\000C\000M\000O\000S\000\040\126\152\130\360\116\016\221\317\123\026}{section.7}% 28
\BOOKMARK [1][-]{section.8}{\376\377\000P\000S\000F\000-\000l\000e\000v\000e\000l\000\040\000F\000i\000s\000h\000e\000r\000\040\117\341\140\157\143\250\133\374}{}% 29
\BOOKMARK [2][-]{subsection.8.1}{\376\377\123\125\123\302\145\160\155\361\136\246\117\060\213\241}{section.8}% 30
\BOOKMARK [2][-]{subsection.8.2}{\376\377\131\032\123\302\145\160\000\040\000n\000u\000i\000s\000a\000n\000c\000e\000-\000a\000w\000a\000r\000e\000\040\000F\000i\000s\000h\000e\000r}{section.8}% 31
\BOOKMARK [2][-]{subsection.8.3}{\376\377\154\312\147\176\126\152\130\360\116\013\166\204\000\040\000F\000i\000s\000h\000e\000r}{section.8}% 32
\BOOKMARK [1][-]{section.9}{\376\377\000I\000m\000a\000g\000e\000-\000l\000e\000v\000e\000l\000\040\000F\000i\000s\000h\000e\000r\000\040\117\341\140\157\143\250\133\374}{}% 33
\BOOKMARK [2][-]{subsection.9.1}{\376\377\145\164\126\376\211\302\155\113\152\041\127\213}{section.9}% 34
\BOOKMARK [2][-]{subsection.9.2}{\376\377\127\107\120\074\121\375\145\160\166\204\171\273\145\143\137\142\137\017}{section.9}% 35
\BOOKMARK [2][-]{subsection.9.3}{\376\377\155\361\136\246\126\376\000\040\000F\000i\000s\000h\000e\000r\000\040\000m\000a\000t\000r\000i\000x}{section.9}% 36
\BOOKMARK [2][-]{subsection.9.4}{\376\377\116\072\116\300\116\110\000\040\000i\000m\000a\000g\000e\000-\000l\000e\000v\000e\000l\000\040\000F\000i\000s\000h\000e\000r\000\040\146\364\167\037\133\236}{section.9}% 37
\BOOKMARK [2][-]{subsection.9.5}{\376\377\133\236\226\105\123\357\213\241\173\227\217\321\117\074}{section.9}% 38
\BOOKMARK [1][-]{section.10}{\376\377\117\030\123\026\166\356\150\007\145\164\164\006}{}% 39
\BOOKMARK [2][-]{subsection.10.1}{\376\377\000P\000S\000F\000-\000l\000e\000v\000e\000l\000\040\117\341\140\157\117\030\123\026}{section.10}% 40
\BOOKMARK [2][-]{subsection.10.2}{\376\377\000I\000m\000a\000g\000e\000-\000l\000e\000v\000e\000l\000\040\000F\000i\000s\000h\000e\000r\000\040\117\030\123\026}{section.10}% 41
\BOOKMARK [2][-]{subsection.10.3}{\376\377\140\142\131\015\177\121\176\334\213\255\176\303}{section.10}% 42
\BOOKMARK [1][-]{section.11}{\376\377\143\250\203\120\133\236\145\275\230\172\136\217}{}% 43
\BOOKMARK [1][-]{section.12}{\376\377\116\000\123\345\213\335\140\073\176\323}{}% 44
