\BOOKMARK [1][-]{section.1}{\376\377\170\024\172\166\166\356\150\007\116\016\150\070\137\303\120\107\213\276}{}% 1
\BOOKMARK [1][-]{section.2}{\376\377\173\054\116\000\162\110\174\373\176\337\123\302\145\160\213\276\133\232}{}% 2
\BOOKMARK [2][-]{subsection.2.1}{\376\377\173\054\116\000\162\110\000\040\000b\000a\000s\000e\000l\000i\000n\000e\000\040\123\302\145\160}{section.2}% 3
\BOOKMARK [2][-]{subsection.2.2}{\376\377\135\345\117\134\154\342\225\177\060\001\156\344\121\111\162\107\116\016\121\111\220\032\221\317}{section.2}% 4
\BOOKMARK [2][-]{subsection.2.3}{\376\377\215\205\210\150\227\142\123\343\137\204\060\001\124\150\147\037\124\214\124\150\147\037\145\160}{section.2}% 5
\BOOKMARK [2][-]{subsection.2.4}{\376\377\215\205\210\150\227\142\122\060\000\040\000C\000M\000O\000S\000\040\166\204\215\335\171\273}{section.2}% 6
\BOOKMARK [2][-]{subsection.2.5}{\376\377\000C\000M\000O\000S\000\040\122\006\217\250\163\207\116\016\120\317\175\040\134\072\133\370}{section.2}% 7
\BOOKMARK [2][-]{subsection.2.6}{\376\377\166\356\150\007\155\361\136\246\116\016\211\306\127\072}{section.2}% 8
\BOOKMARK [2][-]{subsection.2.7}{\376\377\123\302\200\003\145\160\143\156\226\306\127\372\147\054\117\341\140\157\211\201\154\102}{section.2}% 9
\BOOKMARK [1][-]{section.3}{\376\377\160\271\156\220\000\040\000P\000S\000F\000\040\213\241\173\227\116\016\000\040\000P\000S\000F\000-\000l\000e\000v\000e\000l\000\040\000F\000i\000s\000h\000e\000r\000\040\117\030\123\026}{}% 10
\BOOKMARK [2][-]{subsection.3.1}{\376\377\160\271\156\220\000\040\000P\000S\000F\000\040\213\241\173\227}{section.3}% 11
\BOOKMARK [2][-]{subsection.3.2}{\376\377\166\370\117\115\123\302\145\160\123\026}{section.3}% 12
\BOOKMARK [2][-]{subsection.3.3}{\376\377\131\047\211\306\127\072\116\013\166\204\000\040\000F\000i\000s\000h\000e\000r\000\040\123\302\145\160}{section.3}% 13
\BOOKMARK [2][-]{subsection.3.4}{\376\377\147\011\145\110\155\361\136\246\000\040\000F\000i\000s\000h\000e\000r}{section.3}% 14
\BOOKMARK [2][-]{subsection.3.5}{\376\377\000P\000S\000F\000-\000l\000e\000v\000e\000l\000\040\117\030\123\026\166\356\150\007}{section.3}% 15
\BOOKMARK [2][-]{subsection.3.6}{\376\377\000P\000S\000F\000-\000l\000e\000v\000e\000l\000\040\133\371\153\324\133\236\232\214}{section.3}% 16
\BOOKMARK [1][-]{section.4}{\376\377\000R\000G\000B\000-\000D\000\040\177\026\170\001\126\376\116\377\167\037\116\016\000\040\000i\000m\000a\000g\000e\000-\000l\000e\000v\000e\000l\000\040\000F\000i\000s\000h\000e\000r\000\040\117\030\123\026}{}% 17
\BOOKMARK [2][-]{subsection.4.1}{\376\377\000R\000G\000B\000-\000D\000\040\122\060\000\040\000C\000M\000O\000S\000\040\177\026\170\001\126\376}{section.4}% 18
\BOOKMARK [2][-]{subsection.4.2}{\376\377\116\072\116\300\116\110\227\000\211\201\000\040\000i\000m\000a\000g\000e\000-\000l\000e\000v\000e\000l\000\040\000F\000i\000s\000h\000e\000r}{section.4}% 19
\BOOKMARK [2][-]{subsection.4.3}{\376\377\123\357\213\241\173\227\217\321\117\074}{section.4}% 20
\BOOKMARK [2][-]{subsection.4.4}{\376\377\000i\000m\000a\000g\000e\000-\000l\000e\000v\000e\000l\000\040\117\030\123\026\166\356\150\007}{section.4}% 21
\BOOKMARK [2][-]{subsection.4.5}{\376\377\126\376\120\317\176\247\133\371\153\324\133\236\232\214}{section.4}% 22
\BOOKMARK [1][-]{section.5}{\376\377\177\026\170\001\126\376\122\060\155\361\136\246\126\376\166\204\171\136\176\317\177\121\176\334\140\142\131\015}{}% 23
\BOOKMARK [2][-]{subsection.5.1}{\376\377\173\054\116\000\226\066\153\265\377\032\134\017\152\041\127\213\232\214\213\301\162\151\164\006\000\040\000c\000u\000e}{section.5}% 24
\BOOKMARK [2][-]{subsection.5.2}{\376\377\173\054\116\214\226\066\153\265\377\032\176\323\124\010\000\040\000D\000e\000p\000t\000h\000\040\000A\000n\000y\000t\000h\000i\000n\000g\000\040\000V\0002}{section.5}% 25
\BOOKMARK [2][-]{subsection.5.3}{\376\377\204\270\231\217\143\137\131\061}{section.5}% 26
\BOOKMARK [1][-]{section.6}{\376\377\145\160\143\156\226\306\220\011\142\351\116\016\131\004\164\006}{}% 27
\BOOKMARK [2][-]{subsection.6.1}{\376\377\173\054\116\000\226\066\153\265\116\073\145\160\143\156\226\306}{section.6}% 28
\BOOKMARK [2][-]{subsection.6.2}{\376\377\173\054\116\214\226\066\153\265\210\145\121\105\145\160\143\156\226\306}{section.6}% 29
\BOOKMARK [2][-]{subsection.6.3}{\376\377\124\016\147\037\167\037\133\236\225\177\215\335\171\273\232\214\213\301}{section.6}% 30
\BOOKMARK [2][-]{subsection.6.4}{\376\377\145\160\143\156\156\005\155\027\211\201\154\102}{section.6}% 31
\BOOKMARK [1][-]{section.7}{\376\377\133\236\232\214\213\276\213\241\116\016\213\304\116\367\143\007\150\007}{}% 32
\BOOKMARK [2][-]{subsection.7.1}{\376\377\121\111\133\146\123\357\210\114\140\047\133\236\232\214}{section.7}% 33
\BOOKMARK [2][-]{subsection.7.2}{\376\377\000P\000S\000F\000-\000l\000e\000v\000e\000l\000\040\133\371\153\324\133\236\232\214}{section.7}% 34
\BOOKMARK [2][-]{subsection.7.3}{\376\377\126\376\120\317\176\247\133\371\153\324\133\236\232\214}{section.7}% 35
\BOOKMARK [2][-]{subsection.7.4}{\376\377\155\361\136\246\140\142\131\015\133\236\232\214}{section.7}% 36
\BOOKMARK [1][-]{section.8}{\376\377\230\316\226\151\116\016\136\224\133\371}{}% 37
\BOOKMARK [2][-]{subsection.8.1}{\376\377\225\177\215\335\171\273\162\151\164\006\117\341\140\157\123\357\200\375\131\052\137\061}{section.8}% 38
\BOOKMARK [2][-]{subsection.8.2}{\376\377\131\047\211\306\127\072\155\361\136\246\116\016\211\322\136\246\155\367\155\306}{section.8}% 39
\BOOKMARK [2][-]{subsection.8.3}{\376\377\172\204\136\046\156\344\154\342\226\115\117\116\121\111\220\032\221\317}{section.8}% 40
\BOOKMARK [2][-]{subsection.8.4}{\376\377\156\344\121\111\162\107\211\322\136\246\145\110\136\224\226\120\122\066\131\047\211\306\127\072}{section.8}% 41
\BOOKMARK [2][-]{subsection.8.5}{\376\377\000P\000S\000F\000-\000l\000e\000v\000e\000l\000\040\000F\000i\000s\000h\000e\000r\000\040\116\016\147\000\176\310\116\373\122\241\116\015\116\000\201\364}{section.8}% 42
\BOOKMARK [2][-]{subsection.8.6}{\376\377\000D\000e\000p\000t\000h\000\040\000A\000n\000y\000t\000h\000i\000n\000g\000\040\143\251\166\326\162\151\164\006\177\026\170\001\215\041\163\056}{section.8}% 43
\BOOKMARK [2][-]{subsection.8.7}{\376\377\116\377\167\037\122\060\167\037\133\236\217\301\171\373\230\316\226\151}{section.8}% 44
\BOOKMARK [2][-]{subsection.8.8}{\376\377\123\125\202\162\145\271\150\110\116\015\146\057\147\000\176\310\137\142\140\001}{section.8}% 45
\BOOKMARK [1][-]{section.9}{\376\377\226\066\153\265\213\241\122\022}{}% 46
\BOOKMARK [1][-]{section.10}{\376\377\230\204\147\037\215\041\163\056}{}% 47
\BOOKMARK [1][-]{section.11}{\376\377\140\073\176\323}{}% 48
